  Determining projects to restore...
  All projects are up-to-date for restore.
  Terminating any running instances of AudioTelemetrySvc.exe before build...
  AudioTelemetrySvc -> D:\config\bin\Debug\net10.0-windows\AudioTelemetrySvc.dll

Build succeeded.
    0 Warning(s)
    0 Error(s)

Time Elapsed 00:00:05.72
